// Jest Snapshot v1, https://goo.gl/fbAQLP

exports[`Link changes the class when hovered 1`] = `
<div
  className="container"
>
  <div
    className="form-group"
  >
    <label
      className="form-label"
      htmlFor="search"
    >
      Hacker News Search
    </label>
    <input
      className="form-control"
      id="search"
      onChange={[Function]}
      placeholder="Search news"
      type="email"
    />
  </div>
  <form
    className=""
  />
</div>
`;

exports[`MainContainer rendering well 1`] = `
<div
  className="container"
>
  <div
    className="form-group"
  >
    <label
      className="form-label"
      htmlFor="search"
    >
      Hacker News Search
    </label>
    <input
      className="form-control"
      id="search"
      onChange={[Function]}
      placeholder="Search news"
      type="email"
    />
  </div>
  <form
    className=""
  />
</div>
`;
